errors: []
outputs:
- verified: true
  execute:
    four_program.aleo/a:
      outputs:
      - '{"type":"future","id":"6974972465287288859193039603112863165703788123799484516917687492504306829310field","value":"{\n  program_id: four_program.aleo,\n  function_name: a,\n  arguments: [\n    {\n      program_id: two_program.aleo,\n      function_name: b,\n      arguments: [\n        {\n          program_id: zero_program.aleo,\n          function_name: c,\n          arguments: [\n            aleo1kw4knandael9qcpxs6g36rr6h7dwvjz6q25ueah6zz9v57zjlvxsx5llq8\n          ]\n        },\n        {\n          program_id: one_program.aleo,\n          function_name: d,\n          arguments: [\n            aleo1kw4knandael9qcpxs6g36rr6h7dwvjz6q25ueah6zz9v57zjlvxsx5llq8\n          ]\n        },\n        aleo1kw4knandael9qcpxs6g36rr6h7dwvjz6q25ueah6zz9v57zjlvxsx5llq8\n      ]\n    },\n    {\n      program_id: three_program.aleo,\n      function_name: e,\n      arguments: [\n        {\n          program_id: two_program.aleo,\n          function_name: b,\n          arguments: [\n            {\n              program_id: zero_program.aleo,\n              function_name: c,\n              arguments: [\n                aleo1kw4knandael9qcpxs6g36rr6h7dwvjz6q25ueah6zz9v57zjlvxsx5llq8\n              ]\n            },\n            {\n              program_id: one_program.aleo,\n              function_name: d,\n              arguments: [\n                aleo1kw4knandael9qcpxs6g36rr6h7dwvjz6q25ueah6zz9v57zjlvxsx5llq8\n              ]\n            },\n            aleo1kw4knandael9qcpxs6g36rr6h7dwvjz6q25ueah6zz9v57zjlvxsx5llq8\n          ]\n        },\n        {\n          program_id: one_program.aleo,\n          function_name: d,\n          arguments: [\n            aleo1kw4knandael9qcpxs6g36rr6h7dwvjz6q25ueah6zz9v57zjlvxsx5llq8\n          ]\n        },\n        {\n          program_id: zero_program.aleo,\n          function_name: c,\n          arguments: [\n            aleo1kw4knandael9qcpxs6g36rr6h7dwvjz6q25ueah6zz9v57zjlvxsx5llq8\n          ]\n        },\n        aleo1kw4knandael9qcpxs6g36rr6h7dwvjz6q25ueah6zz9v57zjlvxsx5llq8\n      ]\n    },\n    aleo1kw4knandael9qcpxs6g36rr6h7dwvjz6q25ueah6zz9v57zjlvxsx5llq8\n  ]\n}"}'
  speculate: the execution was accepted
  add_next_block: succeeded.
additional:
- child_outputs:
    zero_program.aleo/c:
      outputs:
      - '{"type":"future","id":"3350538516786197312945904805651514760662417460201603691936188115829626482363field","value":"{\n  program_id: zero_program.aleo,\n  function_name: c,\n  arguments: [\n    aleo1kw4knandael9qcpxs6g36rr6h7dwvjz6q25ueah6zz9v57zjlvxsx5llq8\n  ]\n}"}'
    one_program.aleo/d:
      outputs:
      - '{"type":"future","id":"637154480131254202437648761623430864587613723158552552452225018102806519094field","value":"{\n  program_id: one_program.aleo,\n  function_name: d,\n  arguments: [\n    aleo1kw4knandael9qcpxs6g36rr6h7dwvjz6q25ueah6zz9v57zjlvxsx5llq8\n  ]\n}"}'
    two_program.aleo/b:
      outputs:
      - '{"type":"future","id":"21797727317401896585228206612764933188795962016360514114988693125720292064field","value":"{\n  program_id: two_program.aleo,\n  function_name: b,\n  arguments: [\n    {\n      program_id: zero_program.aleo,\n      function_name: c,\n      arguments: [\n        aleo1kw4knandael9qcpxs6g36rr6h7dwvjz6q25ueah6zz9v57zjlvxsx5llq8\n      ]\n    },\n    {\n      program_id: one_program.aleo,\n      function_name: d,\n      arguments: [\n        aleo1kw4knandael9qcpxs6g36rr6h7dwvjz6q25ueah6zz9v57zjlvxsx5llq8\n      ]\n    },\n    aleo1kw4knandael9qcpxs6g36rr6h7dwvjz6q25ueah6zz9v57zjlvxsx5llq8\n  ]\n}"}'
    three_program.aleo/e:
      outputs:
      - '{"type":"future","id":"3540002375205096126322676480346529478422099724885260208534648762518751607090field","value":"{\n  program_id: three_program.aleo,\n  function_name: e,\n  arguments: [\n    {\n      program_id: two_program.aleo,\n      function_name: b,\n      arguments: [\n        {\n          program_id: zero_program.aleo,\n          function_name: c,\n          arguments: [\n            aleo1kw4knandael9qcpxs6g36rr6h7dwvjz6q25ueah6zz9v57zjlvxsx5llq8\n          ]\n        },\n        {\n          program_id: one_program.aleo,\n          function_name: d,\n          arguments: [\n            aleo1kw4knandael9qcpxs6g36rr6h7dwvjz6q25ueah6zz9v57zjlvxsx5llq8\n          ]\n        },\n        aleo1kw4knandael9qcpxs6g36rr6h7dwvjz6q25ueah6zz9v57zjlvxsx5llq8\n      ]\n    },\n    {\n      program_id: one_program.aleo,\n      function_name: d,\n      arguments: [\n        aleo1kw4knandael9qcpxs6g36rr6h7dwvjz6q25ueah6zz9v57zjlvxsx5llq8\n      ]\n    },\n    {\n      program_id: zero_program.aleo,\n      function_name: c,\n      arguments: [\n        aleo1kw4knandael9qcpxs6g36rr6h7dwvjz6q25ueah6zz9v57zjlvxsx5llq8\n      ]\n    },\n    aleo1kw4knandael9qcpxs6g36rr6h7dwvjz6q25ueah6zz9v57zjlvxsx5llq8\n  ]\n}"}'
    credits.aleo/fee_private:
      outputs:
      - '{"type":"record","id":"3318253012329332451162123963527609188220308687137491868531528326027312932520field","checksum":"6378893664067437572638742925942522659786584223379096348563386497363734726040field","value":"record1qyqspj8cdueeffmv6hsk4h00r72rgjls3en3zuyy5hx0mmmqq9wlnzspqyxx66trwfhkxun9v35hguerqqpqzq9ehplnzu2mc7mn9xvv49kgq060kdas0zn9zdl68vc6ze4z8dqgqrefp0e2em9qmpdeazgv63544svdgw5h7yzfkj58pm70ndl3n4yqkmmpza5"}'
