- execute:
    group_operations.aleo/generator:
      outputs:
      - '{"type":"private","id":"1711965439061982952963576638512643308379141225626099583575984746922499990582field","value":"ciphertext1qgq93ylhekjed48h2egjn7kynczhtl2uzn5qax6dxtkctneymlwysrms6qzhcy5vsyxa4mpqgu7h5cm38y9gmsqqcegnqhfde7acxfpvqvndyen8"}'
      - '{"type":"private","id":"6223386123886943087700023915178704697187270259834357775666798197182185455415field","value":"ciphertext1qgqzam9vkdfv8nnm8yqvhveufzj0cuv6rh0wkk2e86uw4xp4qhspgpujlwfe33ahclrxlm6lx90tlyh049a3fxvlatrpv59amursnyk7qqa03vu6"}'
      - '{"type":"private","id":"7461943678569304156079366368973331265746668021563710554933990955985117669970field","value":"ciphertext1qgqpftgmrqp9jpnxfs0thmmsl75t3uayyty5qrjhlvkk57xz6ytr5yvc8nx3urt4kpa0s2jtyl3kfsa8cwascq2fm4tl5feuy56pj8zapqulpkze"}'
      finalize: []
    credits.aleo/fee:
      outputs:
      - '{"type":"record","id":"4631249540991572418750298565880232525202357334160044931118285501844771056324field","checksum":"5585224991331535712421110760958203289132383077544202772734468553008156293434field","value":"record1qyqspzwwl4wmrunlmzzzd4n94xa9j54j9tfswm76wnggydj5vwehvds0qyxx66trwfhkxun9v35hguerqqpqzq8ppcwyqzpshza8lg7rjrjnwunqsnc4pzgmawqx2mr0cwmy4vkrqjtxkechdluj5rcrwptv74g8txyhsx0gxqfqtmm973ffajp3xcwqu56funz"}'
      finalize: []
  speculate: the execution was accepted
  add_next_block: succeeded.
- execute:
    group_operations.aleo/generator:
      outputs:
      - '{"type":"private","id":"1232672959493883882523361498759243742085382350992852976012239952806156209400field","value":"ciphertext1qgqw5ze3nx2csfn5mcp3mmnsnddv7vmclgknscc4lkwm2d2qkymnqzc4rfdpek6s728hkvnjwxx990qgk5d9qlu2mrmptkm6a5uyc3sfpg8qzvq6"}'
      - '{"type":"private","id":"3856464508649915679094560575499185585252346898508722594191157657029158877196field","value":"ciphertext1qgq9yrhx4vhk8nnknafkr4c7cmxfjhfytphftkqg6y2ln3zjkwyczzvcw3kywn5hnvjcsjhh0trxl3c76w6q2dj0c4uph07e5vvjny33pv5sfl4h"}'
      - '{"type":"private","id":"3783910379879119250194186554853979720184139173698829868574344960621753488732field","value":"ciphertext1qgqtn6h47833k6l8als0ex8vv457q0405hfvrvte7aze7ktyjxfmjqm3ctmfcvewsue69g7z4243mxgrzyrulzyxxtyxj36peqsnm8e4pygu50pf"}'
      finalize: []
    credits.aleo/fee:
      outputs:
      - '{"type":"record","id":"3836092672875426863902773544391256984447673357596610415050726937072170112621field","checksum":"5031884964358827668702187696416342397185805462805279137559082860187809971387field","value":"record1qyqsq9c62mkjulkqse690wftkj5ewmvy745wwvj6qktgp7q5fkq5z3gwqyxx66trwfhkxun9v35hguerqqpqzqycr6aw0emc7cmvzy5xafkcjmegc3q633dfwunqskw9ykakm0jpqsld3727ghgaz6vnxm8kzwwlkmwgyyddmmukymdmdpmpnyeaxh0sqx0qjdf"}'
      finalize: []
  speculate: the execution was accepted
  add_next_block: succeeded.
- execute:
    group_operations.aleo/generator:
      outputs:
      - '{"type":"private","id":"3658846569116335913823126316504512166393968981840577689438080471681537702874field","value":"ciphertext1qgqw0rdgn9g2g028zwrx7fe38y7ggaev2gt2d4u8cmajay49ydtv2pxc96nc8qhnhwq4sr44tvm90j9n8zq8dazqs9p0ll23xtvmmu52qcv7fjla"}'
      - '{"type":"private","id":"161210922481468680186471220588580703339266645844644657081663927636993229904field","value":"ciphertext1qgqrkhfat4ruczd637gwpflhyaxp9qtdjrt4jhre5ffkv4c2h4hj6p4flc20d5pftf2cshyt4ajj560j0aeftkgtr84ldpgwqtewvazuqqcy2lwf"}'
      - '{"type":"private","id":"345871877854665780624282585109062094327532865879347564126853041357608672663field","value":"ciphertext1qgqfe4x7ty7hpuygf0cu5s0p0mfjpw56jrn5cp6ju0je5zvue9lpvyvfegjqcju2kde04gnf6evdmz5rh3quh3kzdsr299sgw2qx5202pv2h03md"}'
      finalize: []
    credits.aleo/fee:
      outputs:
      - '{"type":"record","id":"7016938334718533566463467848407147664866845086098291913204192202553528691526field","checksum":"3513063029588870728150719085762590109463014686539902472718671023434669848487field","value":"record1qyqspe9zpemkc53l9kzn2dy52zkczzng8ed66ln6pgelge4qp36j5dcyqyxx66trwfhkxun9v35hguerqqpqzqzgsr8zfeyc74dra79wd56vh265wxs5u9qhj80792rqz8lmn932q3mled9067kyyd335gxfmmk4wgxe4fm8vwdgv99cy7x7fed8q44pz0rhx93"}'
      finalize: []
  speculate: the execution was accepted
  add_next_block: succeeded.
- execute:
    group_operations.aleo/constant_ops:
      outputs:
      - '{"type":"private","id":"1583080954806987707694980806323680172948964963071131927092538126062876985385field","value":"ciphertext1qgqtj8zms6pmn2z0e38zdg06ffq2yylh79nf425hlnd6hymyr20scq7kptk3kg335gc2vrpeaew74mqs294up9vwcd0jfq2ywe2p6jtuqv0pam0t"}'
      - '{"type":"private","id":"1954388543911703260858884604071440332000793084370706638290436518715030316047field","value":"ciphertext1qgqxcvgn97ra3rkqxs479ps6nmkfjll8xd83j2cks6vpnv2ppdsvcq48lq8l8wq9m49lvz6lv24z4pm3lc0u5hrh5nzrtyysq04yaluzqqajvwrr"}'
      finalize: []
    credits.aleo/fee:
      outputs:
      - '{"type":"record","id":"8361223500228316431143600937337084093066545613563686466174000199422505148951field","checksum":"1516692081540860197088042083278199335662453368836975463600607800472604017522field","value":"record1qyqsq5q2tu2d8taj2zntjc3n4kgxvwgylejaykd053lx363rdj58yjg9qyxx66trwfhkxun9v35hguerqqpqzqph0e5gcthr02sz73nreur0aw5at86wke65ze0fuwjkcesld3ldpmut9h2zy8wqfgfagjsqw9lagch5ll8wynvyhqq0g4hlzdh5v7lssrn3qtu"}'
      finalize: []
  speculate: the execution was accepted
  add_next_block: succeeded.
