- execute:
    hello.aleo/hello:
      outputs:
      - '{"type":"private","id":"5684728031846678955439179304800102529936241193098431666416101763598930491454field","value":"ciphertext1qyqdgtnu8sea3d7lpngdhcjeycxv7mget5lwe4nx35d84c2vu9fs2zcec6h9c"}'
      finalize: []
    credits.aleo/fee:
      outputs:
      - '{"type":"record","id":"8005115153132650790347233370377160070910065978888959768150484209777494399726field","checksum":"804164803490379812122321396198071502578621012609037147687530693783062501655field","value":"record1qyqsp7e8xnqc5tkc0422r78u2qem79wwyup9e3ra2tntf8r6qmq0yvq2qyxx66trwfhkxun9v35hguerqqpqzqphm098ha603phyncqzxcsnqk6wjy8zxzltta349ydsm8kr9vxlp53dl83zqncqmftpx4atymn8q0vfs5en8xrjd3phuqn3rp2hw9xqqnl4lsh"}'
      finalize: []
  speculate: the execution was accepted
  add_next_block: succeeded.
- execute:
    hello.aleo/hello:
      outputs:
      - '{"type":"private","id":"7825593259244777855043649640827248788506529737820502682701170831657995612420field","value":"ciphertext1qyqxkxv5qajqwp7v5j3jsuwyfaazze356xn58vsc44a5a0yl0xxr7qgnptrkt"}'
      finalize: []
    credits.aleo/fee:
      outputs:
      - '{"type":"record","id":"3854644680135503042903086641523485543657067576912885440060485524048582871025field","checksum":"4946189988493304034329262518911057536867596459816349241408205855555961406693field","value":"record1qyqsqfhug9k264a56khefdd5ge65hsk26se4sm9ts0w560tnx9phvsq8qyxx66trwfhkxun9v35hguerqqpqzqxs4gyxf5yudghsmgnqcjymqwvdyukw65v4k5vjnl3ht6gfuzszztdpxpprxzf3phvexjcxdvhd3lvd55l22muql30luenvrpkac9fq29ttuae"}'
      finalize: []
  speculate: the execution was accepted
  add_next_block: succeeded.
- execute:
    hello.aleo/goodbye:
      outputs:
      - '{"type":"public","id":"151116218688745526149615344052346163014653857916276422920463772551503577787field","value":"1u32"}'
      finalize:
      - 1u32
      - 1u32
    credits.aleo/fee:
      outputs:
      - '{"type":"record","id":"6842507160784289668923289696064540214292820038815633400420456220929299041763field","checksum":"7408811242466330250411875932484209236847549412809675169528185064910222537504field","value":"record1qyqsqe5zhhe6shjvctjf022aemlmueacg24l2gznslgzazl3927n39sqqyxx66trwfhkxun9v35hguerqqpqzqrdfvhkahv9y6enlyjay29uszqukdaq9vym3ncll5x9mv6j20jsp5dckjkqfvvvzkwrp7dznsl88df5kyuzamljysruphpeth5xrycsxhs3n82"}'
      finalize: []
  speculate: the execution was accepted
  add_next_block: succeeded.
- execute:
    hello.aleo/goodbye:
      outputs:
      - '{"type":"public","id":"4000316711443858593353954624746426176656032703861178292223492422219349243927field","value":"1u32"}'
      finalize:
      - 0u32
      - 1u32
    credits.aleo/fee:
      outputs:
      - '{"type":"record","id":"390865994085366450452618734137877718356922902381769996657777283494716445184field","checksum":"6535147410266355877940237294415057996099958986667529122352576547686350885571field","value":"record1qyqsqdeueqts46294vtwpd37d3rygg3lhqrnascdfqn6t9gxkrx8qccsqyxx66trwfhkxun9v35hguerqqpqzq9efnuxxldctnyqwem77w4evmhxperhyd5dnpxtfvmgufmhcepuqurz7ps4v6p0w5erw2gjd5nucjc9d2r3c8sy8qt2wa6c0e5qjyl3z2fz42s"}'
      finalize: []
  speculate: the execution was rejected
  add_next_block: succeeded.
