errors: []
outputs:
- verified: true
  execute:
    gas_dos.aleo/make_trash_empty:
      outputs: []
  speculate: the execution was accepted
  add_next_block: succeeded.
- verified: true
  execute:
    gas_dos.aleo/make_trash:
      outputs:
      - '{"type":"public","id":"7328454421185929158618031230606034593549261051339602553507241025154825176299field","value":"0u8"}'
      - '{"type":"public","id":"5145134703139278195441792859006011532400644423433046212536736013174180642636field","value":"1u8"}'
      - '{"type":"public","id":"4479131570657126987170312036920068454738210783609610183168698498586355634960field","value":"2u8"}'
      - '{"type":"public","id":"6926788178616354544370363073675930466260780102185705396446528307557204966254field","value":"3u8"}'
      - '{"type":"public","id":"507213451235696529330091255380102539497181688387097808723590767226256138002field","value":"4u8"}'
      - '{"type":"public","id":"6710585889229359056970878174557972819881050693904886470290761564643350681439field","value":"5u8"}'
      - '{"type":"public","id":"2198039663990554661027013328856492399590215636668825518497257481407294029866field","value":"6u8"}'
      - '{"type":"public","id":"288798117536072394573543619144317389906590429832415617777655870783774307012field","value":"7u8"}'
      - '{"type":"public","id":"1155702003412000992412931135598868113644122882557716381602003061253381471571field","value":"8u8"}'
      - '{"type":"public","id":"3026344388965712201801712548965204124836140425527882670365396322199812932565field","value":"9u8"}'
      - '{"type":"public","id":"5492615319027225479113405102986959595495416506208321009285333238882415298049field","value":"10u8"}'
      - '{"type":"public","id":"6171840640899438157036020226640325134210483852414199464033845647392969714320field","value":"11u8"}'
      - '{"type":"public","id":"6575356095090949853056361212638757233924047161146463958636818761079464552340field","value":"12u8"}'
      - '{"type":"public","id":"2262771770811842021838463874286351493506275646051705307544569163192903096597field","value":"13u8"}'
      - '{"type":"public","id":"174469374038614532963809815011040883121008467567144862148413520935353623648field","value":"14u8"}'
      - '{"type":"public","id":"8090171018295599961208092852988350550956162709304897310609315247476998706602field","value":"15u8"}'
  speculate: the execution was accepted
  add_next_block: succeeded.
- verified: true
  execute:
    gas_dos.aleo/make_trash_private:
      outputs:
      - '{"type":"private","id":"2680622265102100041993406647937919090940301114770765059104962140226246981264field","value":"ciphertext1qyqtjrpzy7zwvfmsv0xesjl8rv3lh86pwsuvrm4ynyra7x20nzy0crs3t4uvz"}'
      - '{"type":"private","id":"5202743622607685269012784963172580544281870231936627246866565403414033171808field","value":"ciphertext1qyqvl9yhzzu8trer3fwdkgu5ftej28swpajmfle2lmqrpdsrcqd4wpq8nq56z"}'
      - '{"type":"private","id":"2174891821791598891325907948165991966270654154109515635412257676350776525858field","value":"ciphertext1qyqg7tcq3lk4lm357j85e04ntlx7tlq88g25s094m08ce3pvk9wzypgxc25tn"}'
      - '{"type":"private","id":"3482962903872689804786042821343967741876935213235592724563470495245964507635field","value":"ciphertext1qyqd33cyvv2007td963cng7ex5qpeqa9g8aztsyf9l4cs59zl9ph2rs29hdd8"}'
      - '{"type":"private","id":"4440477798685620135379247884803156497847423337761130118347611024035653635140field","value":"ciphertext1qyq0959tkr8jfunfgl5wy0wwm9zrzvzc2ktuny7j4f4ekqpecphryqqgnwplj"}'
      - '{"type":"private","id":"3522752929186128924758141077706371690810713792036167644523972417246682200901field","value":"ciphertext1qyqzllfkgvvz303zgsduenn79ru5nx0ynjw2vk3zxgz8sp0096smuzcf6e7vu"}'
      - '{"type":"private","id":"3625214038066625726053665609852864682693494709445484792903274142479081890567field","value":"ciphertext1qyq9nnzfv5w4ct5k9xny0uquyrulaclng6mv7puml3x3pnam3ttespg8gq9dl"}'
      - '{"type":"private","id":"1637083100938265104763821696269236866552161155548506891159616654219004830174field","value":"ciphertext1qyqtp60mtkjkysf7z5uyaluq4z35m3hehqj39en0rpggy249vfnvszgkjpy7c"}'
      - '{"type":"private","id":"1090493810202308287957198910474311328876918772204234621365178737170948657938field","value":"ciphertext1qyqvjyy8d40h9sqwppf8n3z4ejechz823crx9j723u0gtapzy69vqzc7p2pfj"}'
      - '{"type":"private","id":"7261330284282876129032008102561419014693564205492131523999072056356722523811field","value":"ciphertext1qyqfd3fz5ugh5rt8vk5w2ugp7sn9777qq82v6yg5p059dgf57knakqqay57mf"}'
      - '{"type":"private","id":"709959112982644896253271486987191411441663870818104439243630623545390950272field","value":"ciphertext1qyqpwt8sqmqfxs0sw0l8jghvqfjt3hddemmy30e6s0ms9fgrn50kjqcfs69st"}'
      - '{"type":"private","id":"6872976021810691710027178488223982683034356995539047639261319076027494254123field","value":"ciphertext1qyqwg30pz7gzh4zuyhy0vgumfxfm2xlpyxucg4tvewdz6gpr60skyrgauuulp"}'
      - '{"type":"private","id":"8359829191814664268280684613954596526781157368700496608365669690643643037289field","value":"ciphertext1qyqvedxm8alapcwlph5kkmffkvafuhld92n4y7588704ujk9l3mhspq4k2kct"}'
      - '{"type":"private","id":"1001150914100589972693891478671980342979312932580439705453658330535336008271field","value":"ciphertext1qyqy369l9urha2a99j2krk6tjh5dtdwt9z0puu0vtgvznk53khs9kzsrppr29"}'
      - '{"type":"private","id":"8131111517226123155050404356134943165771021461049467536204430056357254727422field","value":"ciphertext1qyq2hn2xnu4fadsmaf65edm4ftyvg6ns7t40g0urv5h47z93ywvcjzqvtcq8r"}'
      - '{"type":"private","id":"2328882362753533354211206400408346026883181405850191907839548608694887338104field","value":"ciphertext1qyqfhe6jhjc5te9zcsyvhgvruj9w9vyppj30pvhy66lmznv76ar65ygk8yr0m"}'
  speculate: the execution was accepted
  add_next_block: succeeded.
- verified: true
  execute:
    gas_dos.aleo/make_trash_u64:
      outputs:
      - '{"type":"public","id":"233314312605276539760746524164528913386489041588301421249429696985329848667field","value":"0u64"}'
      - '{"type":"public","id":"7253165205278696561637248715563783454858866842754893348214451169160975075162field","value":"1u64"}'
      - '{"type":"public","id":"666939097876094162575352087643400561412645022883205904471672662199353196861field","value":"2u64"}'
      - '{"type":"public","id":"2959578059337764023181618398408038082893247480135464562472793876696915418953field","value":"3u64"}'
      - '{"type":"public","id":"5286500885730658616234188227770288757865520078231878645131318044650940638194field","value":"4u64"}'
      - '{"type":"public","id":"401309491997177592892630556474302634099704960274828674430960726287457846708field","value":"5u64"}'
      - '{"type":"public","id":"7229261133705147296171654244855097638797071371920816627026569900935444723448field","value":"6u64"}'
      - '{"type":"public","id":"7027737111877338341363202916015365226405006640018027773526971193651872286885field","value":"7u64"}'
      - '{"type":"public","id":"4666981060089167647321091227592661962035883124507120144471806069733189753569field","value":"8u64"}'
      - '{"type":"public","id":"2583284904746797664182562260080251003054566015963712113670613392689300760365field","value":"9u64"}'
      - '{"type":"public","id":"4173633873661312951955239283483355234732949685908187166831651838082162090913field","value":"10u64"}'
      - '{"type":"public","id":"122754949824671565357841063528425764444260908941146272537546151624065033563field","value":"11u64"}'
      - '{"type":"public","id":"2130918280550853922824431786128137523245004386377672896846147107787168219683field","value":"12u64"}'
      - '{"type":"public","id":"4694456538004825214415037291190735375240715731300118040019913761431560071687field","value":"13u64"}'
      - '{"type":"public","id":"470751660319309894868159463333651824468663657160136189167945482341411113760field","value":"14u64"}'
      - '{"type":"public","id":"4249914125363520277067410046691598837483324524993280920898528402016941453480field","value":"15u64"}'
  speculate: the execution was accepted
  add_next_block: succeeded.
- verified: true
  execute:
    gas_dos.aleo/make_trash_call_inner:
      outputs: []
  speculate: the execution was accepted
  add_next_block: succeeded.
- verified: true
  execute:
    gas_dos.aleo/make_trash_call_inner_private:
      outputs: []
  speculate: the execution was accepted
  add_next_block: succeeded.
additional:
- child_outputs:
    credits.aleo/fee_public:
      outputs:
      - '{"type":"future","id":"4460439047516495718073735439405487111536405512365343120714073673093841980496field","value":"{\n  program_id: credits.aleo,\n  function_name: fee_public,\n  arguments: [\n    aleo10knkelvnd55fsaarm25wch7p9suf2tqlgwy5k4nxwms6d262xyfqm2tccr,\n    1153u64\n  ]\n}"}'
- child_outputs:
    credits.aleo/fee_public:
      outputs:
      - '{"type":"future","id":"8415028977876091761752724883671758688572237811988248476376341949695578218786field","value":"{\n  program_id: credits.aleo,\n  function_name: fee_public,\n  arguments: [\n    aleo10knkelvnd55fsaarm25wch7p9suf2tqlgwy5k4nxwms6d262xyfqm2tccr,\n    2363u64\n  ]\n}"}'
- child_outputs:
    credits.aleo/fee_public:
      outputs:
      - '{"type":"future","id":"6955783271913968318412731377247340380831652777579800064049064878317952307153field","value":"{\n  program_id: credits.aleo,\n  function_name: fee_public,\n  arguments: [\n    aleo10knkelvnd55fsaarm25wch7p9suf2tqlgwy5k4nxwms6d262xyfqm2tccr,\n    3331u64\n  ]\n}"}'
- child_outputs:
    credits.aleo/fee_public:
      outputs:
      - '{"type":"future","id":"6497372388862928104904790174065298189831176271028157197406452385672043799872field","value":"{\n  program_id: credits.aleo,\n  function_name: fee_public,\n  arguments: [\n    aleo10knkelvnd55fsaarm25wch7p9suf2tqlgwy5k4nxwms6d262xyfqm2tccr,\n    2591u64\n  ]\n}"}'
- child_outputs:
    child.aleo/inner_trash:
      outputs:
      - '{"type":"public","id":"4289453696142715249689402741912245561443469314811952643858392482783244522724field","value":"0u8"}'
      - '{"type":"public","id":"5996339838455228384518335132774934196611594954755346395054038050343103354395field","value":"1u8"}'
      - '{"type":"public","id":"3358647378048771912605830105370148199260356999287873395305434987100537947367field","value":"2u8"}'
      - '{"type":"public","id":"3561185473825389412729325762100699648338422087874903701388058185885064674548field","value":"3u8"}'
      - '{"type":"public","id":"3989107665595226930217005016659525438354095241690887025362623017829393909086field","value":"4u8"}'
      - '{"type":"public","id":"1015958412091382053251797862910077594839566070151006847448912156512885168244field","value":"5u8"}'
      - '{"type":"public","id":"2567889317557457967764422538212118733579546499228855090594253956813932972072field","value":"6u8"}'
      - '{"type":"public","id":"5738966943078846331986975383478175535362176248367077523225131270678347419252field","value":"7u8"}'
      - '{"type":"public","id":"5051374977750131995628573872876580336294676313900512549961840473043598462489field","value":"8u8"}'
      - '{"type":"public","id":"6246052362829258748286392424282967814827467657158490339715346793563788475395field","value":"9u8"}'
      - '{"type":"public","id":"3137956905390822430675060441214691829333807921428930041891214885081618350759field","value":"10u8"}'
      - '{"type":"public","id":"3954165324357671689980777474755501745352061261539083140319447666173245113194field","value":"11u8"}'
      - '{"type":"public","id":"824411961835421718086912148073611074555830482874933344066928839715818180866field","value":"12u8"}'
      - '{"type":"public","id":"3956987026475417071721267209248312177299219007429340821858712542495766818823field","value":"13u8"}'
      - '{"type":"public","id":"2709313053745536114661259705416457664187223268321348433098736978752378149531field","value":"14u8"}'
      - '{"type":"public","id":"6195248787047047065906932549716645015613025005664328197873983801878539808717field","value":"15u8"}'
    credits.aleo/fee_public:
      outputs:
      - '{"type":"future","id":"4993318844385279622659406372029663957024103433727459966940237716301579651158field","value":"{\n  program_id: credits.aleo,\n  function_name: fee_public,\n  arguments: [\n    aleo10knkelvnd55fsaarm25wch7p9suf2tqlgwy5k4nxwms6d262xyfqm2tccr,\n    7558u64\n  ]\n}"}'
- child_outputs:
    child.aleo/inner_trash_private:
      outputs:
      - '{"type":"private","id":"1690417811643581808096073580895773872435783139189560207201450077859617190194field","value":"ciphertext1qyqqq6ssunw42mxe8rvpgu5ep0vagrn8dklju850us04wnghvh0njqsqvr2yw"}'
      - '{"type":"private","id":"1886046153841688110779792443332379168760253439921378427387264032458090200722field","value":"ciphertext1qyqttnazmxdpq7jptzzzrur7gnydv4266yrrkg8hnd7qmvph3jgk5rsnqcuh8"}'
      - '{"type":"private","id":"6945085598979721763398156380753241304545404123616624832451856372265095265471field","value":"ciphertext1qyq9l5ru4w25cegepncrwp200d40gug4sx204nhff5l2874zhplmzrqrhz2p4"}'
      - '{"type":"private","id":"4142368517252176157373208821260613486695598769131006201465716808814519857801field","value":"ciphertext1qyqt2nvvunh6eyr3uyzfpx0nlcc724snpv0yenhr0epg6nxn9uf9yrqe483na"}'
      - '{"type":"private","id":"1120928326819667499163846513166443389126716487911614317777817493947758499240field","value":"ciphertext1qyqvez6t833qwtrekh95qd0p9ur5ze7zfcj586gj45e5tgrcdck3crc7tx99u"}'
      - '{"type":"private","id":"6520628852176590483742399620632204000766376375298286587002994790769934792244field","value":"ciphertext1qyqycec6g3lvzaudt02704zgfg989h0nlk29t30vm3ccs49l3qs2yzcvrgffu"}'
      - '{"type":"private","id":"1653566059245057918600614758625811774818934631158115642909983653207058134332field","value":"ciphertext1qyqgxpqwlme4h4x5nlljrjc43ffdrrjks6tukqutnfrh5e5mgqjvwqgk4lzej"}'
      - '{"type":"private","id":"3125530302804834593185552768712989898348727954206124549854468299555811589311field","value":"ciphertext1qyqwyv767yj0qtlpj3e8afcg2fq7dqq2rph0agla0x3a0k7x75g6czqjxkmnc"}'
      - '{"type":"private","id":"6653724285397119534364272198358009303219371121472302648376197869755877142457field","value":"ciphertext1qyqx79grpqzmaa6n8m2r6s0stg9ljhrrqwtvaesn3vdmazermzn8jzg3rphqk"}'
      - '{"type":"private","id":"4306156319852057171767064704924666509745421179658746592641215257474382652393field","value":"ciphertext1qyqqp655v4g4dv32lflxcpw2075vkm6jlmeewkvl0r8as9kpjg2xsqgjh94yw"}'
      - '{"type":"private","id":"862763398396949844010720017565280792516718591614353786919911043964654671911field","value":"ciphertext1qyq0nu20c928tylcadunqkhf8n2wsggp42qad55n52vzzn3ax9at6rg0y2z7d"}'
      - '{"type":"private","id":"6115537416632677547733070126318384273659824508082312339839289007774031750910field","value":"ciphertext1qyqd4wdfkm5mk3gqrcpp6cy8v43qqn70n68xnhtajeegnwt03xf07zqst7s60"}'
      - '{"type":"private","id":"1288760742755161344468854268135477208800345648264783432462324547157974963800field","value":"ciphertext1qyqd87aklz0vgfyzn5wg8zwwf3xevyhkxsfaj0hugz5u94we55fycysqmnghx"}'
      - '{"type":"private","id":"4094529815608050570605871705117213797215439814194985582364462185707725973687field","value":"ciphertext1qyq8d80slfgjf4l76k40a6cgtpvg0dy2qzl7d0r5cy59dvglv8tewrgeh7ts4"}'
      - '{"type":"private","id":"2813602845252947372312080494391108546455078881365658135103980463173542847486field","value":"ciphertext1qyq9t35rxns4t03u9uts467dc450vefn2r37p4g02kww88p5lqr2zpqy9m8l7"}'
      - '{"type":"private","id":"4797712783560200923986301701874758524183619526850656800063565109797126046631field","value":"ciphertext1qyqr3c39tq9t3mh54z39vhuqc832peuvatlvk28ygjsnl04u3njksrc8w2arw"}'
    credits.aleo/fee_public:
      outputs:
      - '{"type":"future","id":"3920528155218069690017755593796450711436583446509070220539016754499888750597field","value":"{\n  program_id: credits.aleo,\n  function_name: fee_public,\n  arguments: [\n    aleo10knkelvnd55fsaarm25wch7p9suf2tqlgwy5k4nxwms6d262xyfqm2tccr,\n    11438u64\n  ]\n}"}'
