errors: []
outputs:
- execute: 'Failed to evaluate instruction (assert.neq self.caller self.signer ;): ''assert.neq'' failed: ''aleo1qr2ha4pfs5l28aze88yn6fhleeythklkczrule2v838uwj65n5gqxt9djx'' is equal to ''aleo1qr2ha4pfs5l28aze88yn6fhleeythklkczrule2v838uwj65n5gqxt9djx'' (should not be equal)'
- verified: true
  execute:
    parent.aleo/foo:
      outputs:
      - '{"type":"public","id":"7957417389566842019333476383015223465797041221984916169491225413765492389707field","value":"aleo16w8t56s7v6ud7vu33fr388ph0dq0c7yhp597cyjt88rr3nultcyqcyk9yy"}'
      - '{"type":"public","id":"5660332966063165816193998255057769236492104556419359071777110117631685203432field","value":"aleo1qr2ha4pfs5l28aze88yn6fhleeythklkczrule2v838uwj65n5gqxt9djx"}'
      - '{"type":"public","id":"119590126009840588550727571915536854356547100414781210870229193044716803923field","value":"aleo1qr2ha4pfs5l28aze88yn6fhleeythklkczrule2v838uwj65n5gqxt9djx"}'
      - '{"type":"public","id":"3955648008862663886784245642019540732803638576128766893102159939289033551109field","value":"aleo1qr2ha4pfs5l28aze88yn6fhleeythklkczrule2v838uwj65n5gqxt9djx"}'
  speculate: the execution was accepted
  add_next_block: succeeded.
additional:
- {}
- child_outputs:
    child.aleo/foo:
      outputs:
      - '{"type":"public","id":"4868721665864264325936496341048001744286749024989285333643604721920380255715field","value":"aleo16w8t56s7v6ud7vu33fr388ph0dq0c7yhp597cyjt88rr3nultcyqcyk9yy"}'
      - '{"type":"public","id":"3525177701596468290328849149936712458502828518051227125511453575799774964436field","value":"aleo1qr2ha4pfs5l28aze88yn6fhleeythklkczrule2v838uwj65n5gqxt9djx"}'
    credits.aleo/fee_public:
      outputs:
      - '{"type":"future","id":"1654089975904775845803610306576708885251110717047795439165401945844221766915field","value":"{\n  program_id: credits.aleo,\n  function_name: fee_public,\n  arguments: [\n    aleo1qr2ha4pfs5l28aze88yn6fhleeythklkczrule2v838uwj65n5gqxt9djx,\n    2123u64\n  ]\n}"}'
