errors: []
outputs:
- verified: true
  execute:
    public_wallet.aleo/init:
      outputs:
      - '{"type":"future","id":"643313357591837098160410683436104757275790983408765054797072865390269356548field","value":"{\n  program_id: public_wallet.aleo,\n  function_name: init,\n  arguments: [\n    {\n      program_id: token.aleo,\n      function_name: mint_public,\n      arguments: [\n        aleo1sry3pke49ykrf0aeshf889tr98r4c86p5f4ms766795ssdwfdyqq9jdg0j,\n        10u64\n      ]\n    }\n  \n  ]\n}"}'
  speculate: the execution was accepted
  add_next_block: succeeded.
additional:
- child_outputs:
    token.aleo/mint_public:
      outputs:
      - '{"type":"future","id":"7610388693581279489105798830406663046019271953340964570276245399522445526215field","value":"{\n  program_id: token.aleo,\n  function_name: mint_public,\n  arguments: [\n    aleo1sry3pke49ykrf0aeshf889tr98r4c86p5f4ms766795ssdwfdyqq9jdg0j,\n    10u64\n  ]\n}"}'
    credits.aleo/fee_private:
      outputs:
      - '{"type":"record","id":"5580160608602890364065045221537601204952183454813805179282415808481763211780field","checksum":"3628246815857726678963372305190742456252224634875738738318641740583361408321field","value":"record1qyqsqmvu9ukv94c95v7g43yppz8203gyeukq59x5fac5r5zk0dll5vq2qyxx66trwfhkxun9v35hguerqqpqzqyhgmqecpl60zvnqltltn52k5m6wzggj7zrhzu7fslqu7827kkkq9ld4jraw8tyh2myual4tz9nprj4459r7rkzfdeqp2fvyyhfj2dsvumtl2j"}'
