- execute:
    test_rand.aleo/rand_chacha_with_literals:
      outputs: []
      finalize:
      - 0scalar
      - 0group
      - 0u8
      - 2i16
      - 4u32
      - 7i64
      - 8u128
      - 10field
    credits.aleo/fee:
      outputs:
      - '{"type":"record","id":"970770169463632905704459493922593314799714236485403848850495955937805828116field","checksum":"5607322336519741071713165496696482083633681458093709651947264642371948522630field","value":"record1qyqspx4u26h4vhkht73wkc8xk68fpndxhyszfk6rw4h055qzfmxa7fgyqyxx66trwfhkxun9v35hguerqqpqzqqdyurgeklmzjza6dcu3vyt985ray7256k7a9j2wdl9n2xz5mqcq47ad4tnmsg46aalxxg7x59nth3zlm0wc8sp97jjrp5ar37x950pq2y5tt9"}'
      finalize: []
  speculate: the execution was accepted
  add_next_block: succeeded.
- execute:
    test_rand.aleo/rand_chacha_with_struct:
      outputs: []
      finalize:
      - |-
        {
          first: 0field,
          second: 0field,
          third: 0field,
          fourth: 0field,
          fifth: 0field
        }
    credits.aleo/fee:
      outputs:
      - '{"type":"record","id":"5734944142914138461825688381765765769110300114824885089341441910440199128829field","checksum":"776073007005426399238873636544665727325128308720654311451839542446738872271field","value":"record1qyqsp2jhgfnarz72vjy8mnnrsdfh49x5lj33hh20qtl6qw37tjs5rsg3qyxx66trwfhkxun9v35hguerqqpqzqp5vzhahdm4t9qp5z9wkyhxkaqu78gsndcyekk5synnqlwdueyyzral8dp6yhsca2rrdcvu2jvzsv42sdv66jvs7jyxl0phzxgaga9swz7uacs"}'
      finalize: []
  speculate: the execution was accepted
  add_next_block: succeeded.
- execute:
    test_rand.aleo/rand_chacha_check:
      outputs: []
      finalize:
      - 0field
      - 'true'
    credits.aleo/fee:
      outputs:
      - '{"type":"record","id":"6527175918021176030393385392202535721991591223000941479807348409660893214691field","checksum":"2364713137036022966081810143972088521546877295311668829906499159155414625021field","value":"record1qyqsp0slvwqxamausz5wdt5mr4tuyt262lqth36n86wzlfjl4vltklgjqyxx66trwfhkxun9v35hguerqqpqzqyd5yf9fslrcjxg3rvyl2hzrgyaqwzfsgnmrnv2pej0f0lznjv0pxmzqmrzv28h0udm3l2fmwwh4tyrqh7h9aynm4tehzpzrrqkkxxq7yclj83"}'
      finalize: []
  speculate: the execution was accepted
  add_next_block: succeeded.
- execute:
    test_rand.aleo/rand_chacha_check:
      outputs: []
      finalize:
      - 1field
      - 'false'
    credits.aleo/fee:
      outputs:
      - '{"type":"record","id":"7877410992136052315956837371328313898413272764480959488824147921870172768869field","checksum":"5530174769645614095764426167611147042609013011544141933001964485969043238549field","value":"record1qyqspnjekusztfjumk2s5p8g4c6wf9t93pnv5s2uuuaktqucv0s2d6q3qyxx66trwfhkxun9v35hguerqqpqzqqjx33eyhk2p7u38x36p5ttwgj0rahr6drx58grs6c8rpaavtcnztxsht4ts6jzqntap94yexldluaygmlxe4z9s5c3d02duzyrf29qq0xcfe3"}'
      finalize: []
  speculate: the execution was accepted
  add_next_block: succeeded.
