- execute:
    sign_verify.aleo/verify:
      outputs:
      - '{"type":"private","id":"6360971457947677544627871447884023164792977195946806429591459960990700460561field","value":"ciphertext1qyqterf0zu69k8azue5ntqaadfpcxc37zx5k9a2jk68mhzn6pt3tzpg2l84ne"}'
      finalize: []
    credits.aleo/fee:
      outputs:
      - '{"type":"record","id":"4061604168183123008392803867893707010317269506383151423865845346057669333719field","checksum":"5119713983279229888118223988507851006951481840465343307628035712852955652172field","value":"record1qyqspfhferq2rgf0snyaj9cfhsk88uax8ddmr64e8kwdzfkp95syyaqdqyxx66trwfhkxun9v35hguerqqpqzqrzcv504kvskmjrgpltur5hgvjc43whkuv679at5pg0gtzecpeapuq0zh0r870ald0txewc4kc3zkhn65qgxjhjw329mkhvgdyacf6pqdx7ewg"}'
      finalize: []
  speculate: the execution was accepted
  add_next_block: succeeded.
- execute:
    sign_verify.aleo/verify_constant_signature:
      outputs:
      - '{"type":"private","id":"2835558849060889797570310981134242250749953267807300522046840088659483565780field","value":"ciphertext1qyqrcn5lecc2c0769v7azszulynenxvfajh2dvvkqx03zytkxsvwjrg0wdqyq"}'
      finalize: []
    credits.aleo/fee:
      outputs:
      - '{"type":"record","id":"7403797957639033271956597153603579304702766838060458039276111884672895991189field","checksum":"2229806780041203899577724861885228047985860101273326985355964026850779470438field","value":"record1qyqsphe2pn076g2zhhht90h0pr465gdcasra38j86u4pqgmedhek7eqwqyxx66trwfhkxun9v35hguerqqpqzq9pdkrfxezqwxasq55lpmcx3lpykjdujdau7esvdgfwdt3rwdkfqm9a7fs2pc4jjnf3csunhn48x6t423y3uuu4nd23l4uhscq57scsqu0ttcv"}'
      finalize: []
  speculate: the execution was accepted
  add_next_block: succeeded.
- execute:
    sign_verify.aleo/verify:
      outputs:
      - '{"type":"private","id":"3043742828954447518149657942374201192041622618639381009427585648750016652191field","value":"ciphertext1qyqv897qw3l5fc5yye9tnxnp0r3nw0vha4uj3k694hdkl0ddcwfwvpspcqzcz"}'
      finalize: []
    credits.aleo/fee:
      outputs:
      - '{"type":"record","id":"6707394780340179145340856475274898259259343598616144245078506650390562269841field","checksum":"5403694899398216027621245465986226382216712858269834707934946207647288670466field","value":"record1qyqsqxww5x7s8yr8xv70l0tmfgtpupug4mltvp6utsdwm9laruy3j8s2qyxx66trwfhkxun9v35hguerqqpqzqzdzumdtu5ye6lcjmgtv8fmddxdrhn9p0erd08jekhqw0qzmd9mzxyahh6kvtnxlpxfn3lggxtattgf8wzsdphrcssvnax9cnvhv56sy3akzfs"}'
      finalize: []
  speculate: the execution was accepted
  add_next_block: succeeded.
- execute:
    sign_verify.aleo/verify:
      outputs:
      - '{"type":"private","id":"4549739894660289524554959938093827532287381221395865637194591077850064619385field","value":"ciphertext1qyqgrx5rz7ymf329mykg05qtjmstun72maf6wgg9raeptt9pl68e6rs0l55rj"}'
      finalize: []
    credits.aleo/fee:
      outputs:
      - '{"type":"record","id":"2837787113795876234928763152426396412877525286439143600291105574416612050117field","checksum":"6908686067592046272705083667881043056304501952558350690619460958106339548745field","value":"record1qyqspkuyz20kpyhpfknydkgvnzvr2tnvpx4kwk3xngqytevrxfwydtgrqyxx66trwfhkxun9v35hguerqqpqzqxd96yvxnv67cnc0ug79ru0s7k4s8wkdmg03khhqqxdvlvmhpktqmukuzfwcxfpxazq3mvtj5qe8g8v2xrwdasumux2z6967gxuw2ysvhv4h3k"}'
      finalize: []
  speculate: the execution was accepted
  add_next_block: succeeded.
