errors: []
outputs:
- verified: true
  execute:
    test_branch.aleo/run_test:
      outputs:
      - '{"type":"future","id":"6853588955800014673009987953241306389090845327747907984198222141108269232573field","value":"{\n  program_id: test_branch.aleo,\n  function_name: run_test,\n  arguments: [\n    1u8,\n    1u8\n  ]\n}"}'
  speculate: the execution was rejected
  add_next_block: succeeded.
- verified: true
  execute:
    test_branch.aleo/run_test:
      outputs:
      - '{"type":"future","id":"7316910653703512796159979382480893246542312648132879967453276886284034879075field","value":"{\n  program_id: test_branch.aleo,\n  function_name: run_test,\n  arguments: [\n    0u8,\n    1u8\n  ]\n}"}'
  speculate: the execution was rejected
  add_next_block: succeeded.
- verified: true
  execute:
    test_branch.aleo/run_test:
      outputs:
      - '{"type":"future","id":"6402417637041760480107523094357167265585878714433227566435547816691472198663field","value":"{\n  program_id: test_branch.aleo,\n  function_name: run_test,\n  arguments: [\n    0u8,\n    0u8\n  ]\n}"}'
  speculate: the execution was accepted
  add_next_block: succeeded.
additional:
- child_outputs:
    credits.aleo/fee_public:
      outputs:
      - '{"type":"future","id":"1043329015023463545868338366452732825980144361477311505744042678709756043232field","value":"{\n  program_id: credits.aleo,\n  function_name: fee_public,\n  arguments: [\n    aleo1x3r205zqql5ywy0cqqt74k0r0htuusn0d037ycxe8ftt9ep8hyzsmqz4dh,\n    3468u64\n  ]\n}"}'
- child_outputs:
    credits.aleo/fee_public:
      outputs:
      - '{"type":"future","id":"7339449875924263514097068843833332549470263046214924765277199991765434854021field","value":"{\n  program_id: credits.aleo,\n  function_name: fee_public,\n  arguments: [\n    aleo1x3r205zqql5ywy0cqqt74k0r0htuusn0d037ycxe8ftt9ep8hyzsmqz4dh,\n    3468u64\n  ]\n}"}'
- child_outputs:
    credits.aleo/fee_public:
      outputs:
      - '{"type":"future","id":"2189532779997306064203973624134810839619576771948859919638987913359586696293field","value":"{\n  program_id: credits.aleo,\n  function_name: fee_public,\n  arguments: [\n    aleo1x3r205zqql5ywy0cqqt74k0r0htuusn0d037ycxe8ftt9ep8hyzsmqz4dh,\n    3468u64\n  ]\n}"}'
