errors: []
outputs:
- verified: true
  execute:
    test_rand.aleo/rand_chacha_with_literals:
      outputs:
      - '{"type":"future","id":"856859213363286889141859059264203066675648340843625883729021378909143418037field","value":"{\n  program_id: test_rand.aleo,\n  function_name: rand_chacha_with_literals,\n  arguments: [\n    0scalar,\n    0group,\n    0u8,\n    2i16,\n    4u32,\n    7i64,\n    8u128,\n    10field\n  ]\n}"}'
  speculate: the execution was accepted
  add_next_block: succeeded.
- verified: true
  execute:
    test_rand.aleo/rand_chacha_with_struct:
      outputs:
      - '{"type":"future","id":"2863690152286397600239869811553134445139434415556812678934084238826545926808field","value":"{\n  program_id: test_rand.aleo,\n  function_name: rand_chacha_with_struct,\n  arguments: [\n    {\n  first: 0field,\n  second: 0field,\n  third: 0field,\n  fourth: 0field,\n  fifth: 0field\n}\n  ]\n}"}'
  speculate: the execution was accepted
  add_next_block: succeeded.
- verified: true
  execute:
    test_rand.aleo/rand_chacha_check:
      outputs:
      - '{"type":"future","id":"5111075340000719619409954898038080805237607157543987731445343150082162501419field","value":"{\n  program_id: test_rand.aleo,\n  function_name: rand_chacha_check,\n  arguments: [\n    0field,\n    false\n  ]\n}"}'
  speculate: the execution was rejected
  add_next_block: succeeded.
- verified: true
  execute:
    test_rand.aleo/rand_chacha_check:
      outputs:
      - '{"type":"future","id":"6632578043065250671900699630486713707508511783056688582055933257632278653469field","value":"{\n  program_id: test_rand.aleo,\n  function_name: rand_chacha_check,\n  arguments: [\n    1field,\n    true\n  ]\n}"}'
  speculate: the execution was accepted
  add_next_block: succeeded.
additional:
- child_outputs:
    credits.aleo/fee_private:
      outputs:
      - '{"type":"record","id":"3414625046007462357907233936963597031743518533285469193618770662066092860297field","checksum":"6748596554726566616077788304159551458340632606372981320315516519690937074727field","value":"record1qyqsq96nqu434vyta43jksy548fdck37rc7kc34494ndwd9xfg9l7zsfqyxx66trwfhkxun9v35hguerqqpqzqp47n5hck4nflwwyz0wm37mh898yfhr6rw79z026vpnc4v6h5sap3wxhvupx7k4p2jhrwtx5zw6r5t3vuarmsq8n4c4p987z586n6yqzy0e9ad"}'
- child_outputs:
    credits.aleo/fee_private:
      outputs:
      - '{"type":"record","id":"4484154496467863507445197243426730715163262746415150559195448938738085872287field","checksum":"4724131081939484830458987874305456564780685396344583637408914379105136434818field","value":"record1qyqsq4tq08wj70zje3dth93xhcaac25nc7szhtt8egu4h42tln3nh0crqyxx66trwfhkxun9v35hguerqqpqzq96k0c7knknchvjlnjdyf0z0r28yvnlnmpuuj4qhxpwqc8qktc8z9e93akjxefm88vhqxpv7ppqrxp6q8hpvzee72az4mx6k4553tmssezm7e2"}'
- child_outputs:
    credits.aleo/fee_private:
      outputs:
      - '{"type":"record","id":"4378706090932912349424961469315774658612730607495369192607247461714443624012field","checksum":"1826625931723245298434468963668076089321486618416737183525521345797368736757field","value":"record1qyqspxy8g4khtakgjt7dk7p3ych5zhqysfp78uh7740jyr4j2q4xu3qxqyxx66trwfhkxun9v35hguerqqpqzqqfguxkpwkjdc9xzk0vzklz8v7kt3szhr2h70tt8tj9c2ddgyptppsgj9uj7g0spx3uvw5l7c4ue7qgp948gjcwen4ql5u8fhj3333qjy8pnlg"}'
- child_outputs:
    credits.aleo/fee_private:
      outputs:
      - '{"type":"record","id":"2809741264276410976832644138660198196151849618285398182086898348682223862875field","checksum":"1523380839021857495072683842994987502254719937875902750716725229732830492110field","value":"record1qyqsparxz7rjgu5qwj29fp5xspylvxuxumjzpjwp7yahvn09szx0l6g3qyxx66trwfhkxun9v35hguerqqpqzq9vq9p6maxyxvvrax2n3nht8f9jgdpzt9h9l7w7k5geycwqtypupsuh2lrxq4l7ts96haxgvxkdjvwd42cqpt2l96j9xhw5zlxuu2ssxuxjy9r"}'
