errors: []
outputs:
- verified: true
  execute:
    unused_position.aleo/foo:
      outputs:
      - '{"type":"future","id":"5049235690692170805152663732952500738215296477247651613244805919801146018013field","value":"{\n  program_id: unused_position.aleo,\n  function_name: foo,\n  arguments: []\n}"}'
  speculate: the execution was accepted
  add_next_block: succeeded.
additional:
- child_outputs:
    credits.aleo/fee_public:
      outputs:
      - '{"type":"future","id":"2621696734847465496099117263198227992906624839872816115893439464172566198419field","value":"{\n  program_id: credits.aleo,\n  function_name: fee_public,\n  arguments: [\n    aleo12tksdptp7hvxly8tkm3um08fvf53qpehsgdgqfvy9pe3sewcq5ysjg5myy,\n    2208u64\n  ]\n}"}'
