errors:
- Invalid destination type in 'hash' instruction
