- Function 'rand_chacha_with_literals' in program 'test_branch.aleo' expects 8 inputs, but 5 inputs were found.
- []
- []
- []
